// Jest Snapshot v1, https://goo.gl/fbAQLP

exports[`Header.vue renders correctly 1`] = `
<header>
  <a>
    <div
      class="responsive"
    >
      <img
        src=""
        title="ZurÃ¼ck zur Hauptseite"
      />
    </div>
  </a>
</header>
`;
