// Jest Snapshot v1, https://goo.gl/fbAQLP

exports[`App.vue renders correctly 1`] = `
<div
  id="app"
>
  <header-stub />
   
  <router-view-stub
    name="default"
  />
   
  <footer-stub />
</div>
`;
