// Jest Snapshot v1, https://goo.gl/fbAQLP

exports[`Difficulty.vue renders correctly 1`] = `
<div
  class="flex-item flex-center flex-col"
>
  <div>
    Ã„ndere den Schwierigkeitsgrad:
  </div>
   
  <div
    class="flex-item flex-center flex-row"
  >
    <div
      class="card clickable responsive selected"
      id="difficulty-1"
      title="Schwierigkeitsgrad: leicht "
    >
      <img
        src=""
      />
    </div>
    <div
      class="card clickable responsive"
      id="difficulty-2"
      title="Schwierigkeitsgrad: mittelschwer "
    >
      <img
        src=""
      />
    </div>
  </div>
</div>
`;
