// Jest Snapshot v1, https://goo.gl/fbAQLP

exports[`Tutorial.vue renders correctly 1`] = `
<div
  id="tutorial-wrapper"
>
  <div
    class="flex-item flex-center card clickable responsive"
    id="tutorial"
    title="Anleitung Ã¶ffnen"
  >
    <img
      src=""
    />
  </div>
   
  <!---->
</div>
`;
