// Jest Snapshot v1, https://goo.gl/fbAQLP

exports[`Header.vue renders correctly 1`] = `
<header>
  <a>
    <img
      src=""
    />
  </a>
</header>
`;
